type: function
runMethod: function